// Jest Snapshot v1, https://goo.gl/fbAQLP

exports[`Resources page content 1`] = `
<div>
  <h1>
    Resources
  </h1>
</div>
`;
